// Jest Snapshot v1, https://goo.gl/fbAQLP

exports[`Enter Receiver Address snapshots to match 1`] = `
<div
  className="ant-row ant-row-center ant-row-middle"
  style={Object {}}
>
  <div
    className="ant-col ant-col-24"
    style={Object {}}
  >
    <h3
      className="ant-typography"
      onClick={null}
      style={
        Object {
          "WebkitLineClamp": undefined,
        }
      }
    >
      Enter Receiver's Address
      :
    </h3>
  </div>
  <div
    className="ant-col ant-col-xs-24 ant-col-sm-20 ant-col-md-18 ant-col-lg-16 ant-col-xl-12"
    style={Object {}}
  >
    <form
      className="ant-form ant-form-horizontal"
      id="Enter Receiver's Address"
      onReset={[Function]}
      onSubmit={[Function]}
    >
      <div
        className="ant-row ant-form-item"
        style={Object {}}
      >
        <div
          className="ant-col ant-col-8 ant-form-item-label"
          style={Object {}}
        >
          <label
            className="ant-form-item-required"
            htmlFor="Enter Receiver's Address_name"
            title="Name"
          >
            Name
          </label>
        </div>
        <div
          className="ant-col ant-col-16 ant-form-item-control"
          style={Object {}}
        >
          <div
            className="ant-form-item-control-input"
          >
            <div
              className="ant-form-item-control-input-content"
            >
              <input
                className="ant-input"
                id="Enter Receiver's Address_name"
                onBlur={[Function]}
                onChange={[Function]}
                onFocus={[Function]}
                onKeyDown={[Function]}
                type="text"
                value=""
              />
            </div>
          </div>
        </div>
      </div>
      <div
        className="ant-row ant-form-item"
        style={Object {}}
      >
        <div
          className="ant-col ant-col-8 ant-form-item-label"
          style={Object {}}
        >
          <label
            className="ant-form-item-required"
            htmlFor="Enter Receiver's Address_zipCode"
            title="Zip Code"
          >
            Zip Code
          </label>
        </div>
        <div
          className="ant-col ant-col-16 ant-form-item-control"
          style={Object {}}
        >
          <div
            className="ant-form-item-control-input"
          >
            <div
              className="ant-form-item-control-input-content"
            >
              <div
                className="ant-select ant-select-single ant-select-show-arrow ant-select-show-search"
                onBlur={[Function]}
                onFocus={[Function]}
                onKeyDown={[Function]}
                onKeyUp={[Function]}
                onMouseDown={[Function]}
              >
                <div
                  className="ant-select-selector"
                  onClick={[Function]}
                  onMouseDown={[Function]}
                >
                  <span
                    className="ant-select-selection-search"
                  >
                    <input
                      aria-activedescendant="Enter Receiver's Address_zipCode_list_0"
                      aria-autocomplete="list"
                      aria-controls="Enter Receiver's Address_zipCode_list"
                      aria-haspopup="listbox"
                      aria-owns="Enter Receiver's Address_zipCode_list"
                      autoComplete="off"
                      className="ant-select-selection-search-input"
                      id="Enter Receiver's Address_zipCode"
                      onChange={[Function]}
                      onCompositionEnd={[Function]}
                      onCompositionStart={[Function]}
                      onKeyDown={[Function]}
                      onMouseDown={[Function]}
                      onPaste={[Function]}
                      readOnly={false}
                      role="combobox"
                      style={
                        Object {
                          "opacity": null,
                        }
                      }
                      type="search"
                      unselectable={null}
                      value=""
                    />
                  </span>
                  <span
                    className="ant-select-selection-placeholder"
                  />
                </div>
                <span
                  aria-hidden={true}
                  className="ant-select-arrow"
                  onMouseDown={[Function]}
                  style={
                    Object {
                      "WebkitUserSelect": "none",
                      "userSelect": "none",
                    }
                  }
                  unselectable="on"
                >
                  <span
                    aria-label="down"
                    className="anticon anticon-down ant-select-suffix"
                    role="img"
                  >
                    <svg
                      aria-hidden="true"
                      data-icon="down"
                      fill="currentColor"
                      focusable="false"
                      height="1em"
                      viewBox="64 64 896 896"
                      width="1em"
                    >
                      <path
                        d="M884 256h-75c-5.1 0-9.9 2.5-12.9 6.6L512 654.2 227.9 262.6c-3-4.1-7.8-6.6-12.9-6.6h-75c-6.5 0-10.3 7.4-6.5 12.7l352.6 486.1c12.8 17.6 39 17.6 51.7 0l352.6-486.1c3.9-5.3.1-12.7-6.4-12.7z"
                      />
                    </svg>
                  </span>
                </span>
              </div>
            </div>
          </div>
        </div>
      </div>
      <div
        className="ant-row ant-form-item"
        style={Object {}}
      >
        <div
          className="ant-col ant-col-8 ant-form-item-label"
          style={Object {}}
        >
          <label
            className="ant-form-item-required"
            htmlFor="Enter Receiver's Address_state"
            title="State"
          >
            State
          </label>
        </div>
        <div
          className="ant-col ant-col-16 ant-form-item-control"
          style={Object {}}
        >
          <div
            className="ant-form-item-control-input"
          >
            <div
              className="ant-form-item-control-input-content"
            >
              <div
                className="ant-select ant-select-single ant-select-show-arrow ant-select-show-search"
                onBlur={[Function]}
                onFocus={[Function]}
                onKeyDown={[Function]}
                onKeyUp={[Function]}
                onMouseDown={[Function]}
              >
                <div
                  className="ant-select-selector"
                  onClick={[Function]}
                  onMouseDown={[Function]}
                >
                  <span
                    className="ant-select-selection-search"
                  >
                    <input
                      aria-activedescendant="Enter Receiver's Address_state_list_0"
                      aria-autocomplete="list"
                      aria-controls="Enter Receiver's Address_state_list"
                      aria-haspopup="listbox"
                      aria-owns="Enter Receiver's Address_state_list"
                      autoComplete="off"
                      className="ant-select-selection-search-input"
                      id="Enter Receiver's Address_state"
                      onChange={[Function]}
                      onCompositionEnd={[Function]}
                      onCompositionStart={[Function]}
                      onKeyDown={[Function]}
                      onMouseDown={[Function]}
                      onPaste={[Function]}
                      readOnly={false}
                      role="combobox"
                      style={
                        Object {
                          "opacity": null,
                        }
                      }
                      type="search"
                      unselectable={null}
                      value=""
                    />
                  </span>
                  <span
                    className="ant-select-selection-placeholder"
                  />
                </div>
                <span
                  aria-hidden={true}
                  className="ant-select-arrow"
                  onMouseDown={[Function]}
                  style={
                    Object {
                      "WebkitUserSelect": "none",
                      "userSelect": "none",
                    }
                  }
                  unselectable="on"
                >
                  <span
                    aria-label="down"
                    className="anticon anticon-down ant-select-suffix"
                    role="img"
                  >
                    <svg
                      aria-hidden="true"
                      data-icon="down"
                      fill="currentColor"
                      focusable="false"
                      height="1em"
                      viewBox="64 64 896 896"
                      width="1em"
                    >
                      <path
                        d="M884 256h-75c-5.1 0-9.9 2.5-12.9 6.6L512 654.2 227.9 262.6c-3-4.1-7.8-6.6-12.9-6.6h-75c-6.5 0-10.3 7.4-6.5 12.7l352.6 486.1c12.8 17.6 39 17.6 51.7 0l352.6-486.1c3.9-5.3.1-12.7-6.4-12.7z"
                      />
                    </svg>
                  </span>
                </span>
              </div>
            </div>
          </div>
        </div>
      </div>
      <div
        className="ant-row ant-form-item"
        style={Object {}}
      >
        <div
          className="ant-col ant-col-8 ant-form-item-label"
          style={Object {}}
        >
          <label
            className="ant-form-item-required"
            htmlFor="Enter Receiver's Address_city"
            title="City"
          >
            City
          </label>
        </div>
        <div
          className="ant-col ant-col-16 ant-form-item-control"
          style={Object {}}
        >
          <div
            className="ant-form-item-control-input"
          >
            <div
              className="ant-form-item-control-input-content"
            >
              <div
                className="ant-select ant-select-single ant-select-show-arrow ant-select-show-search"
                onBlur={[Function]}
                onFocus={[Function]}
                onKeyDown={[Function]}
                onKeyUp={[Function]}
                onMouseDown={[Function]}
              >
                <div
                  className="ant-select-selector"
                  onClick={[Function]}
                  onMouseDown={[Function]}
                >
                  <span
                    className="ant-select-selection-search"
                  >
                    <input
                      aria-activedescendant="Enter Receiver's Address_city_list_0"
                      aria-autocomplete="list"
                      aria-controls="Enter Receiver's Address_city_list"
                      aria-haspopup="listbox"
                      aria-owns="Enter Receiver's Address_city_list"
                      autoComplete="off"
                      className="ant-select-selection-search-input"
                      id="Enter Receiver's Address_city"
                      onChange={[Function]}
                      onCompositionEnd={[Function]}
                      onCompositionStart={[Function]}
                      onKeyDown={[Function]}
                      onMouseDown={[Function]}
                      onPaste={[Function]}
                      readOnly={false}
                      role="combobox"
                      style={
                        Object {
                          "opacity": null,
                        }
                      }
                      type="search"
                      unselectable={null}
                      value=""
                    />
                  </span>
                  <span
                    className="ant-select-selection-placeholder"
                  />
                </div>
                <span
                  aria-hidden={true}
                  className="ant-select-arrow"
                  onMouseDown={[Function]}
                  style={
                    Object {
                      "WebkitUserSelect": "none",
                      "userSelect": "none",
                    }
                  }
                  unselectable="on"
                >
                  <span
                    aria-label="down"
                    className="anticon anticon-down ant-select-suffix"
                    role="img"
                  >
                    <svg
                      aria-hidden="true"
                      data-icon="down"
                      fill="currentColor"
                      focusable="false"
                      height="1em"
                      viewBox="64 64 896 896"
                      width="1em"
                    >
                      <path
                        d="M884 256h-75c-5.1 0-9.9 2.5-12.9 6.6L512 654.2 227.9 262.6c-3-4.1-7.8-6.6-12.9-6.6h-75c-6.5 0-10.3 7.4-6.5 12.7l352.6 486.1c12.8 17.6 39 17.6 51.7 0l352.6-486.1c3.9-5.3.1-12.7-6.4-12.7z"
                      />
                    </svg>
                  </span>
                </span>
              </div>
            </div>
          </div>
        </div>
      </div>
      <div
        className="ant-row ant-form-item"
        style={Object {}}
      >
        <div
          className="ant-col ant-col-8 ant-form-item-label"
          style={Object {}}
        >
          <label
            className="ant-form-item-required"
            htmlFor="Enter Receiver's Address_address"
            title="Address"
          >
            Address
          </label>
        </div>
        <div
          className="ant-col ant-col-16 ant-form-item-control"
          style={Object {}}
        >
          <div
            className="ant-form-item-control-input"
          >
            <div
              className="ant-form-item-control-input-content"
            >
              <input
                className="ant-input"
                id="Enter Receiver's Address_address"
                onBlur={[Function]}
                onChange={[Function]}
                onFocus={[Function]}
                onKeyDown={[Function]}
                type="text"
                value=""
              />
            </div>
          </div>
        </div>
      </div>
      <div
        className="ant-row ant-form-item"
        style={Object {}}
      >
        <div
          className="ant-col ant-col-16 ant-col-offset-8 ant-form-item-control"
          style={Object {}}
        >
          <div
            className="ant-form-item-control-input"
          >
            <div
              className="ant-form-item-control-input-content"
            >
              <div
                className="ant-space ant-space-horizontal ant-space-align-center"
                style={Object {}}
              >
                <div
                  className="ant-space-item"
                  style={
                    Object {
                      "marginRight": 8,
                    }
                  }
                >
                  <button
                    className="ant-btn ant-btn-default"
                    onClick={[Function]}
                    type="button"
                  >
                    <span>
                      Back
                    </span>
                  </button>
                </div>
                <div
                  className="ant-space-item"
                  style={
                    Object {
                      "marginRight": 8,
                    }
                  }
                >
                  <button
                    className="ant-btn ant-btn-default"
                    onClick={[Function]}
                    type="button"
                  >
                    <span>
                      Reset
                    </span>
                  </button>
                </div>
                <div
                  className="ant-space-item"
                  style={Object {}}
                >
                  <button
                    className="ant-btn ant-btn-primary"
                    onClick={[Function]}
                    type="submit"
                  >
                    <span>
                      Next
                    </span>
                  </button>
                </div>
              </div>
            </div>
          </div>
        </div>
      </div>
    </form>
  </div>
</div>
`;
